  DETECTOR_PIX0_VECTOR -0.216475836204836 0.216343050492215 -0.230192414300537
